cargo : warning: file `C:\Github\VoidDrift\src\lib.rs` found to be present in multiple build targets:
At C:\Github\VoidDrift\run.ps1:5 char:1
+ cargo run
+ ~~~~~~~~~
    + CategoryInfo          : NotSpecified: (warning: file `... build targets::String) [], RemoteException
    + FullyQualifiedErrorId : NativeCommandError
 
  * `lib` target `voidrift`
  * `bin` target `voidrift`
warning: output filename collision at C:\Github\VoidDrift\target\debug\deps\voidrift.pdb
  |
  = note: the bin target `voidrift` in package `voidrift v0.1.0 (C:\Github\VoidDrift)` has the same output filename as the lib target `voidrift` in package `voidrift v0.1.0 
(C:\Github\VoidDrift)`
  = note: this may become a hard error in the future; see <https://github.com/rust-lang/cargo/issues/6313>
  = help: consider changing their names to be unique or compiling them separately
warning: output filename collision at C:\Github\VoidDrift\target\debug\voidrift.pdb
  |
  = note: the bin target `voidrift` in package `voidrift v0.1.0 (C:\Github\VoidDrift)` has the same output filename as the lib target `voidrift` in package `voidrift v0.1.0 
(C:\Github\VoidDrift)`
  = note: this may become a hard error in the future; see <https://github.com/rust-lang/cargo/issues/6313>
  = help: consider changing their names to be unique or compiling them separately
warning: ambiguous glob re-exports
  --> src\components\mod.rs:10:9
   |
10 | pub use ui_state::*;
   |         ^^^^^^^^^^^ the name `DeviceType` in the type namespace is first re-exported here
11 | pub use resources::*;
   |         ------------ but the name `DeviceType` in the type namespace is also re-exported here
   |
   = note: `#[warn(ambiguous_glob_reexports)]` on by default

warning: `DeviceType` is ambiguous
  --> src\systems\visuals\map.rs:85:22
   |
85 |     device_type: Res<DeviceType>,
   |                      ^^^^^^^^^^ ambiguous name
   |
   = warning: this was previously accepted by the compiler but is being phased out; it will become a hard error in a future release!
   = note: for more information, see issue #114095 <https://github.com/rust-lang/rust/issues/114095>
   = note: ambiguous because of multiple glob imports of a name in the same module
note: `DeviceType` could refer to the enum imported here
  --> src\components\mod.rs:10:9
   |
10 | pub use ui_state::*;
   |         ^^^^^^^^^^^
   = help: consider adding an explicit import of `DeviceType` to disambiguate
note: `DeviceType` could also refer to the enum imported here
  --> src\components\mod.rs:11:9
   |
11 | pub use resources::*;
   |         ^^^^^^^^^^^^
   = help: consider adding an explicit import of `DeviceType` to disambiguate
   = note: `#[warn(ambiguous_glob_imports)]` (part of `#[warn(future_incompatible)]`) on by default

warning: `DeviceType` is ambiguous
  --> src\systems\visuals\map.rs:94:9
   |
94 |         DeviceType::Mobile => 0.1, // Pinch zoom speed (reduced 50% ΓÇö was 0.2)
   |         ^^^^^^^^^^ ambiguous name
   |
   = warning: this was previously accepted by the compiler but is being phased out; it will become a hard error in a future release!
   = note: for more information, see issue #114095 <https://github.com/rust-lang/rust/issues/114095>
   = note: ambiguous because of multiple glob imports of a name in the same module
note: `DeviceType` could refer to the enum imported here
  --> src\components\mod.rs:10:9
   |
10 | pub use ui_state::*;
   |         ^^^^^^^^^^^
   = help: consider adding an explicit import of `DeviceType` to disambiguate
note: `DeviceType` could also refer to the enum imported here
  --> src\components\mod.rs:11:9
   |
11 | pub use resources::*;
   |         ^^^^^^^^^^^^
   = help: consider adding an explicit import of `DeviceType` to disambiguate

warning: `DeviceType` is ambiguous
  --> src\systems\visuals\map.rs:95:9
   |
95 |         DeviceType::Desktop => 0.02, // Scroll zoom speed (desktop mouse)
   |         ^^^^^^^^^^ ambiguous name
   |
   = warning: this was previously accepted by the compiler but is being phased out; it will become a hard error in a future release!
   = note: for more information, see issue #114095 <https://github.com/rust-lang/rust/issues/114095>
   = note: ambiguous because of multiple glob imports of a name in the same module
note: `DeviceType` could refer to the enum imported here
  --> src\components\mod.rs:10:9
   |
10 | pub use ui_state::*;
   |         ^^^^^^^^^^^
   = help: consider adding an explicit import of `DeviceType` to disambiguate
note: `DeviceType` could also refer to the enum imported here
  --> src\components\mod.rs:11:9
   |
11 | pub use resources::*;
   |         ^^^^^^^^^^^^
   = help: consider adding an explicit import of `DeviceType` to disambiguate

warning: `DeviceType` is ambiguous
   --> src\lib.rs:105:26
    |
105 |         .insert_resource(DeviceType::default())
    |                          ^^^^^^^^^^ ambiguous name
    |
    = warning: this was previously accepted by the compiler but is being phased out; it will become a hard error in a future release!
    = note: for more information, see issue #114095 <https://github.com/rust-lang/rust/issues/114095>
    = note: ambiguous because of multiple glob imports of a name in the same module
note: `DeviceType` could refer to the enum imported here
   --> src\components\mod.rs:10:9
    |
 10 | pub use ui_state::*;
    |         ^^^^^^^^^^^
    = help: consider adding an explicit import of `DeviceType` to disambiguate
note: `DeviceType` could also refer to the enum imported here
   --> src\components\mod.rs:11:9
    |
 11 | pub use resources::*;
    |         ^^^^^^^^^^^^
    = help: consider adding an explicit import of `DeviceType` to disambiguate

warning: `voidrift` (lib) generated 5 warnings
warning: `voidrift` (bin "voidrift") generated 5 warnings (5 duplicates)
    Finished `dev` profile [unoptimized + debuginfo] target(s) in 0.72s
warning: the following packages contain code that will be rejected by a future version of Rust: voidrift v0.1.0 (C:\Github\VoidDrift)
note: to see what the problems were, use the option `--future-incompat-report`, or run `cargo report future-incompatibilities --id 1`
     Running `target\debug\voidrift.exe`
[2m2026-05-07T02:05:56.957203Z[0m [32m INFO[0m [2mbevy_render::renderer[0m[2m:[0m AdapterInfo { name: "NVIDIA GeForce RTX 3050 Ti Laptop GPU", vendor: 4318, device: 9632, device_type: 
DiscreteGpu, driver: "NVIDIA", driver_info: "596.21", backend: Vulkan }
[2m2026-05-07T02:05:57.189000Z[0m [32m INFO[0m [2mbevy_winit::system[0m[2m:[0m Creating new window "Voidrift" (0v1#4294967296)
[2m2026-05-07T02:05:58.388705Z[0m [32m INFO[0m [2mvoidrift::systems::setup::world_spawn[0m[2m:[0m Cleaning up 0 entities before new game
[2m2026-05-07T02:05:58.388828Z[0m [32m INFO[0m [2mvoidrift::systems::setup::world_spawn[0m[2m:[0m [Voidrift Phase 4] Final Production Build. PresentMode: Fifo.
[2m2026-05-07T02:05:58.400108Z[0m [32m INFO[0m [2mvoidrift::systems::narrative::opening_sequence[0m[2m:[0m Signal fired: 1000 - > ...
[2m2026-05-07T02:05:58.400165Z[0m [32m INFO[0m [2mvoidrift::systems::narrative::opening_sequence[0m[2m:[0m Signal fired: 1001 - > ...
[2m2026-05-07T02:05:58.400182Z[0m [32m INFO[0m [2mvoidrift::systems::narrative::opening_sequence[0m[2m:[0m Signal fired: 1002 - > SIGNAL DETECTED.
[2m2026-05-07T02:05:58.400194Z[0m [32m INFO[0m [2mvoidrift::systems::narrative::opening_sequence[0m[2m:[0m Signal fired: 1003 - > PLOTTING INTERCEPT COURSE.
[2m2026-05-07T02:05:58.400218Z[0m [32m INFO[0m [2mvoidrift::systems::narrative::opening_sequence[0m[2m:[0m Signal fired: 1004 - > FUEL CRITICAL - PASSIVE DRIFT ONLY.
[2m2026-05-07T02:05:58.400228Z[0m [32m INFO[0m [2mvoidrift::systems::narrative::opening_sequence[0m[2m:[0m Signal fired: 1005 - > ETA: UNKNOWN.
[2m2026-05-07T02:06:01.379026Z[0m [32m INFO[0m [2mvoidrift::systems::narrative::opening_sequence[0m[2m:[0m Signal fired: 1006 - > SIGNAL IDENTIFIED. CLASS: STATION.
[2m2026-05-07T02:06:01.379074Z[0m [32m INFO[0m [2mvoidrift::systems::narrative::opening_sequence[0m[2m:[0m Signal fired: 1007 - > BEARING 047. CLOSING.
[2m2026-05-07T02:06:05.379477Z[0m [32m INFO[0m [2mvoidrift::systems::narrative::opening_sequence[0m[2m:[0m Signal fired: 1008 - > STRUCTURE DETECTED.
[2m2026-05-07T02:06:05.379536Z[0m [32m INFO[0m [2mvoidrift::systems::narrative::opening_sequence[0m[2m:[0m Signal fired: 1009 - > STATION CLASS - UNKNOWN.
[2m2026-05-07T02:06:11.949379Z[0m [32m INFO[0m [2mvoidrift::systems::narrative::opening_sequence[0m[2m:[0m Signal fired: 1010 - > ...
[2m2026-05-07T02:06:12.941956Z[0m [32m INFO[0m [2mvoidrift::systems::narrative::opening_sequence[0m[2m:[0m Signal fired: 1011 - > HELLO.
[2m2026-05-07T02:06:13.946040Z[0m [32m INFO[0m [2mvoidrift::systems::narrative::opening_sequence[0m[2m:[0m Signal fired: 1012 - > I HAVE BEEN WAITING.
[2m2026-05-07T02:06:14.940998Z[0m [32m INFO[0m [2mvoidrift::systems::narrative::opening_sequence[0m[2m:[0m Signal fired: 1013 - > I AM ECHO - STATION AI, VOIDRIFT STATION.
[2m2026-05-07T02:06:16.440682Z[0m [32m INFO[0m [2mvoidrift::systems::narrative::opening_sequence[0m[2m:[0m Signal fired: 1014 - > I HAVE ENOUGH RESERVE POWER FOR THIS MESSAGE.
[2m2026-05-07T02:06:17.950481Z[0m [32m INFO[0m [2mvoidrift::systems::narrative::opening_sequence[0m[2m:[0m Signal fired: 1015 - > YOUR SHIP - MAY I?
[2m2026-05-07T02:06:18.940516Z[0m [32m INFO[0m [2mvoidrift::systems::narrative::opening_sequence[0m[2m:[0m Signal fired: 1016 - > I KNOW WHERE THE ORE IS.
[2m2026-05-07T02:06:20.449656Z[0m [32m INFO[0m [2mvoidrift::systems::narrative::opening_sequence[0m[2m:[0m Signal fired: 1017 - > THANK YOU, COMMANDER.
[2m2026-05-07T02:06:21.948710Z[0m [32m INFO[0m [2mvoidrift::systems::narrative::opening_sequence[0m[2m:[0m [Voidrift] Opening complete. Drone absorbed by ECHO. Firing 
OpeningCompleteEvent.
[2m2026-05-07T02:06:21.948982Z[0m [32m INFO[0m [2mvoidrift::systems::narrative::narrative_events[0m[2m:[0m [Voidrift] OpeningCompleteEvent received. Queue: 1
[TUTORIAL] Button hovered
[TUTORIAL] Button hovered
[TUTORIAL] Button hovered
[TUTORIAL] Button hovered
[TUTORIAL] Button hovered
[TUTORIAL] Button hovered
[TUTORIAL] Button hovered
[TUTORIAL] Button hovered
[TUTORIAL] Button hovered
[TUTORIAL] Button hovered
[TUTORIAL] Button hovered
[TUTORIAL] Button hovered
[TUTORIAL] Button hovered
[TUTORIAL] Button hovered
[TUTORIAL] Button hovered
[TUTORIAL] Button hovered
[TUTORIAL] Button hovered
[TUTORIAL] Button hovered
[TUTORIAL] Button hovered
[TUTORIAL] Button hovered
[TUTORIAL] Button hovered
[TUTORIAL] Button hovered
[TUTORIAL] Button clicked! Dismissing popup ID: 101
[TUTORIAL] Button hovered
[TUTORIAL] Button hovered
[TUTORIAL] Button hovered
[TUTORIAL] Button hovered
[TUTORIAL] Button hovered
[TUTORIAL] Button hovered
[TUTORIAL] Button hovered
[TUTORIAL] Button hovered
[TUTORIAL] Button hovered
[TUTORIAL] Button hovered
[TUTORIAL] Button hovered
[TUTORIAL] Button hovered
[TUTORIAL] Button hovered
[TUTORIAL] Button hovered
[TUTORIAL] Button hovered
[TUTORIAL] Button hovered
[TUTORIAL] Button hovered
[TUTORIAL] Button hovered
[TUTORIAL] Button hovered
[TUTORIAL] Button hovered
[TUTORIAL] Button hovered
[TUTORIAL] Button hovered
[TUTORIAL] Button hovered
[TUTORIAL] Button hovered
[TUTORIAL] Button hovered
[TUTORIAL] Button hovered
[TUTORIAL] Button hovered
[TUTORIAL] Button hovered
[TUTORIAL] Button hovered
[TUTORIAL] Button clicked! Dismissing popup ID: 101
[TUTORIAL] Button hovered
[TUTORIAL] Button hovered
[TUTORIAL] Button hovered
[TUTORIAL] Button hovered
[TUTORIAL] Button hovered
[TUTORIAL] Button hovered
[TUTORIAL] Button hovered
[TUTORIAL] Button hovered
[TUTORIAL] Button hovered
[TUTORIAL] Button hovered
[TUTORIAL] Button hovered
[TUTORIAL] Button hovered
[TUTORIAL] Button hovered
[TUTORIAL] Button hovered
[TUTORIAL] Button clicked! Dismissing popup ID: 101
[TUTORIAL] Button hovered
[TUTORIAL] Button hovered
[TUTORIAL] Button hovered
[TUTORIAL] Button hovered
[TUTORIAL] Button hovered
[TUTORIAL] Button hovered
[TUTORIAL] Button hovered
[TUTORIAL] Button hovered
[TUTORIAL] Button hovered
[TUTORIAL] Button hovered
[TUTORIAL] Button hovered
[TUTORIAL] Button hovered
[TUTORIAL] Button hovered
[TUTORIAL] Button hovered
[TUTORIAL] Button clicked! Dismissing popup ID: 101
[TUTORIAL] Button hovered
[TUTORIAL] Button hovered
[TUTORIAL] Button hovered
[TUTORIAL] Button hovered
[TUTORIAL] Button hovered
[TUTORIAL] Button hovered
[TUTORIAL] Button hovered
[TUTORIAL] Button hovered
[TUTORIAL] Button hovered
[TUTORIAL] Button hovered
[TUTORIAL] Button hovered
[TUTORIAL] Button clicked! Dismissing popup ID: 101
[TUTORIAL] Button hovered
[TUTORIAL] Button hovered
[TUTORIAL] Button hovered
[TUTORIAL] Button hovered
[TUTORIAL] Button hovered
[TUTORIAL] Button hovered
[TUTORIAL] Button hovered
[TUTORIAL] Button hovered
[TUTORIAL] Button hovered
[TUTORIAL] Button hovered
[TUTORIAL] Button hovered
[TUTORIAL] Button hovered
[TUTORIAL] Button hovered
[TUTORIAL] Button hovered
[TUTORIAL] Button hovered
[TUTORIAL] Button hovered
[TUTORIAL] Button hovered
[TUTORIAL] Button hovered
[TUTORIAL] Button hovered
[TUTORIAL] Button hovered
[TUTORIAL] Button hovered
[TUTORIAL] Button hovered
[TUTORIAL] Button hovered
[TUTORIAL] Button hovered
[TUTORIAL] Button hovered
[TUTORIAL] Button hovered
[TUTORIAL] Button hovered
[TUTORIAL] Button hovered
[TUTORIAL] Button hovered
[TUTORIAL] Button hovered
[TUTORIAL] Button hovered
[TUTORIAL] Button hovered
[TUTORIAL] Button hovered
[TUTORIAL] Button hovered
[TUTORIAL] Button hovered
[TUTORIAL] Button hovered
[TUTORIAL] Button hovered
[TUTORIAL] Button hovered
[TUTORIAL] Button hovered
[TUTORIAL] Button hovered
[TUTORIAL] Button hovered
[TUTORIAL] Button hovered
[TUTORIAL] Button hovered
[TUTORIAL] Button hovered
[TUTORIAL] Button hovered
[TUTORIAL] Button hovered
[TUTORIAL] Button hovered
[TUTORIAL] Button hovered
[TUTORIAL] Button hovered
[TUTORIAL] Button hovered
[TUTORIAL] Button hovered
[TUTORIAL] Button hovered
[TUTORIAL] Button hovered
[TUTORIAL] Button hovered
[TUTORIAL] Button hovered
[TUTORIAL] Button hovered
[TUTORIAL] Button hovered
[TUTORIAL] Button hovered
[TUTORIAL] Button hovered
[TUTORIAL] Button hovered
[TUTORIAL] Button hovered
[TUTORIAL] Button hovered
[TUTORIAL] Button hovered
[TUTORIAL] Button hovered
[TUTORIAL] Button hovered
[TUTORIAL] Button hovered
[TUTORIAL] Button hovered
[TUTORIAL] Button hovered
[TUTORIAL] Button hovered
[TUTORIAL] Button hovered
[TUTORIAL] Button hovered
[TUTORIAL] Button hovered
[TUTORIAL] Button hovered
[TUTORIAL] Button hovered
[TUTORIAL] Button hovered
[TUTORIAL] Button hovered
[TUTORIAL] Button hovered
[TUTORIAL] Button hovered
[TUTORIAL] Button hovered
[TUTORIAL] Button hovered
[TUTORIAL] Button hovered
[TUTORIAL] Button hovered
[TUTORIAL] Button hovered
[TUTORIAL] Button hovered
[TUTORIAL] Button hovered
[TUTORIAL] Button hovered
[TUTORIAL] Button hovered
[TUTORIAL] Button hovered
[TUTORIAL] Button hovered
[TUTORIAL] Button hovered
[TUTORIAL] Button hovered
[TUTORIAL] Button hovered
[TUTORIAL] Button hovered
[TUTORIAL] Button hovered
[TUTORIAL] Button hovered
[TUTORIAL] Button hovered
[TUTORIAL] Button hovered
[TUTORIAL] Button hovered
[TUTORIAL] Button hovered
[TUTORIAL] Button hovered
[TUTORIAL] Button hovered
[TUTORIAL] Button hovered
[TUTORIAL] Button hovered
[TUTORIAL] Button hovered
[TUTORIAL] Button hovered
[TUTORIAL] Button hovered
[TUTORIAL] Button hovered
[TUTORIAL] Button hovered
[TUTORIAL] Button hovered
[TUTORIAL] Button hovered
[TUTORIAL] Button hovered
[TUTORIAL] Button hovered
[TUTORIAL] Button hovered
[TUTORIAL] Button hovered
[TUTORIAL] Button hovered
[TUTORIAL] Button hovered
[TUTORIAL] Button hovered
[TUTORIAL] Button hovered
[TUTORIAL] Button hovered
[TUTORIAL] Button hovered
[TUTORIAL] Button hovered
[TUTORIAL] Button hovered
[TUTORIAL] Button hovered
[TUTORIAL] Button hovered
[TUTORIAL] Button hovered
[TUTORIAL] Button hovered
[TUTORIAL] Button hovered
[TUTORIAL] Button hovered
[TUTORIAL] Button hovered
[TUTORIAL] Button hovered
[TUTORIAL] Button hovered
[TUTORIAL] Button hovered
[TUTORIAL] Button hovered
[TUTORIAL] Button hovered
[TUTORIAL] Button hovered
[TUTORIAL] Button hovered
[TUTORIAL] Button hovered
[TUTORIAL] Button hovered
[TUTORIAL] Button hovered
[TUTORIAL] Button hovered
[TUTORIAL] Button hovered
[TUTORIAL] Button hovered
[TUTORIAL] Button hovered
[TUTORIAL] Button hovered
[TUTORIAL] Button hovered
[TUTORIAL] Button hovered
[TUTORIAL] Button hovered
[TUTORIAL] Button hovered
[TUTORIAL] Button hovered
[TUTORIAL] Button hovered
[TUTORIAL] Button hovered
[TUTORIAL] Button hovered
[TUTORIAL] Button hovered
[TUTORIAL] Button hovered
[TUTORIAL] Button hovered
[TUTORIAL] Button hovered
[TUTORIAL] Button hovered
[TUTORIAL] Button hovered
[TUTORIAL] Button hovered
[TUTORIAL] Button hovered
[TUTORIAL] Button hovered
[TUTORIAL] Button hovered
[TUTORIAL] Button hovered
[TUTORIAL] Button hovered
[TUTORIAL] Button hovered
[TUTORIAL] Button hovered
[TUTORIAL] Button hovered
[TUTORIAL] Button hovered
[TUTORIAL] Button hovered
[TUTORIAL] Button hovered
[TUTORIAL] Button hovered
[TUTORIAL] Button hovered
[TUTORIAL] Button hovered
[TUTORIAL] Button hovered
[TUTORIAL] Button hovered
[TUTORIAL] Button hovered
[TUTORIAL] Button hovered
[TUTORIAL] Button hovered
[TUTORIAL] Button hovered
[TUTORIAL] Button hovered
[TUTORIAL] Button hovered
[TUTORIAL] Button hovered
[TUTORIAL] Button hovered
[TUTORIAL] Button hovered
[TUTORIAL] Button hovered
[TUTORIAL] Button hovered
[TUTORIAL] Button hovered
[TUTORIAL] Button hovered
[TUTORIAL] Button hovered
[TUTORIAL] Button hovered
[TUTORIAL] Button hovered
[TUTORIAL] Button hovered
[TUTORIAL] Button hovered
[TUTORIAL] Button hovered
[TUTORIAL] Button hovered
[TUTORIAL] Button hovered
[TUTORIAL] Button hovered
[TUTORIAL] Button hovered
[TUTORIAL] Button hovered
[TUTORIAL] Button hovered
[TUTORIAL] Button hovered
[TUTORIAL] Button hovered
[TUTORIAL] Button hovered
[TUTORIAL] Button hovered
[TUTORIAL] Button hovered
[TUTORIAL] Button hovered
[TUTORIAL] Button hovered
[TUTORIAL] Button hovered
[TUTORIAL] Button hovered
[TUTORIAL] Button hovered
[TUTORIAL] Button hovered
[TUTORIAL] Button hovered
[TUTORIAL] Button hovered
[TUTORIAL] Button hovered
[TUTORIAL] Button hovered
[TUTORIAL] Button hovered
[TUTORIAL] Button hovered
[TUTORIAL] Button hovered
[TUTORIAL] Button hovered
[TUTORIAL] Button hovered
[TUTORIAL] Button hovered
[TUTORIAL] Button hovered
[TUTORIAL] Button hovered
[TUTORIAL] Button hovered
[TUTORIAL] Button hovered
[TUTORIAL] Button hovered
[TUTORIAL] Button hovered
[TUTORIAL] Button hovered
[TUTORIAL] Button hovered
[TUTORIAL] Button hovered
[TUTORIAL] Button hovered
[TUTORIAL] Button hovered
[TUTORIAL] Button hovered
[TUTORIAL] Button hovered
[TUTORIAL] Button hovered
[TUTORIAL] Button hovered
[TUTORIAL] Button hovered
[TUTORIAL] Button hovered
[TUTORIAL] Button hovered
[TUTORIAL] Button hovered
[TUTORIAL] Button hovered
[TUTORIAL] Button hovered
[TUTORIAL] Button hovered
[TUTORIAL] Button hovered
[TUTORIAL] Button hovered
[TUTORIAL] Button hovered
[TUTORIAL] Button hovered
[TUTORIAL] Button hovered
[TUTORIAL] Button hovered
[TUTORIAL] Button hovered
[TUTORIAL] Button hovered
[TUTORIAL] Button hovered
[TUTORIAL] Button hovered
[TUTORIAL] Button hovered
[TUTORIAL] Button hovered
[TUTORIAL] Button hovered
[TUTORIAL] Button hovered
[TUTORIAL] Button hovered
[TUTORIAL] Button hovered
[TUTORIAL] Button hovered
[TUTORIAL] Button hovered
[TUTORIAL] Button hovered
[TUTORIAL] Button hovered
[TUTORIAL] Button hovered
[TUTORIAL] Button hovered
[TUTORIAL] Button hovered
[TUTORIAL] Button hovered
[TUTORIAL] Button hovered
[TUTORIAL] Button hovered
[TUTORIAL] Button hovered
[TUTORIAL] Button hovered
[TUTORIAL] Button hovered
[TUTORIAL] Button hovered
[TUTORIAL] Button hovered
[TUTORIAL] Button hovered
[TUTORIAL] Button hovered
[TUTORIAL] Button hovered
[TUTORIAL] Button hovered
[TUTORIAL] Button hovered
[TUTORIAL] Button hovered
[TUTORIAL] Button hovered
[TUTORIAL] Button hovered
[TUTORIAL] Button hovered
[TUTORIAL] Button hovered
[TUTORIAL] Button hovered
[TUTORIAL] Button hovered
[TUTORIAL] Button hovered
[TUTORIAL] Button hovered
[TUTORIAL] Button hovered
[TUTORIAL] Button hovered
[TUTORIAL] Button hovered
[TUTORIAL] Button hovered
[TUTORIAL] Button hovered
[TUTORIAL] Button hovered
[TUTORIAL] Button hovered
[TUTORIAL] Button hovered
[TUTORIAL] Button hovered
[TUTORIAL] Button hovered
[TUTORIAL] Button hovered
[TUTORIAL] Button hovered
[TUTORIAL] Button hovered
[TUTORIAL] Button hovered
[TUTORIAL] Button hovered
[TUTORIAL] Button hovered
[TUTORIAL] Button hovered
[TUTORIAL] Button hovered
[TUTORIAL] Button hovered
[TUTORIAL] Button hovered
[TUTORIAL] Button hovered
[TUTORIAL] Button hovered
[TUTORIAL] Button hovered
[TUTORIAL] Button hovered
[TUTORIAL] Button hovered
[TUTORIAL] Button hovered
[TUTORIAL] Button hovered
[TUTORIAL] Button hovered
[TUTORIAL] Button hovered
[TUTORIAL] Button hovered
[TUTORIAL] Button hovered
[TUTORIAL] Button hovered
[TUTORIAL] Button hovered
[TUTORIAL] Button hovered
[TUTORIAL] Button hovered
[TUTORIAL] Button hovered
[TUTORIAL] Button hovered
[TUTORIAL] Button hovered
[TUTORIAL] Button hovered
[TUTORIAL] Button hovered
[TUTORIAL] Button hovered
[TUTORIAL] Button hovered
[TUTORIAL] Button hovered
[TUTORIAL] Button hovered
[TUTORIAL] Button hovered
[TUTORIAL] Button hovered
[TUTORIAL] Button hovered
[TUTORIAL] Button hovered
[TUTORIAL] Button hovered
[TUTORIAL] Button hovered
[TUTORIAL] Button hovered
[TUTORIAL] Button hovered
[TUTORIAL] Button hovered
[TUTORIAL] Button hovered
[TUTORIAL] Button hovered
[TUTORIAL] Button hovered
[TUTORIAL] Button hovered
[TUTORIAL] Button hovered
[TUTORIAL] Button hovered
[TUTORIAL] Button hovered
[TUTORIAL] Button hovered
[TUTORIAL] Button hovered
[TUTORIAL] Button hovered
[TUTORIAL] Button hovered
[TUTORIAL] Button hovered
[TUTORIAL] Button hovered
[TUTORIAL] Button hovered
[TUTORIAL] Button hovered
[TUTORIAL] Button hovered
[TUTORIAL] Button hovered
[TUTORIAL] Button hovered
[TUTORIAL] Button hovered
[TUTORIAL] Button hovered
[TUTORIAL] Button hovered
[TUTORIAL] Button hovered
[TUTORIAL] Button hovered
[TUTORIAL] Button hovered
[TUTORIAL] Button hovered
[TUTORIAL] Button hovered
[TUTORIAL] Button hovered
[TUTORIAL] Button hovered
[TUTORIAL] Button hovered
[TUTORIAL] Button hovered
[TUTORIAL] Button hovered
[TUTORIAL] Button hovered
[TUTORIAL] Button hovered
[TUTORIAL] Button hovered
[TUTORIAL] Button hovered
[TUTORIAL] Button hovered
[TUTORIAL] Button hovered
[TUTORIAL] Button hovered
[TUTORIAL] Button hovered
[TUTORIAL] Button hovered
[TUTORIAL] Button hovered
[TUTORIAL] Button hovered
[TUTORIAL] Button hovered
[TUTORIAL] Button hovered
[TUTORIAL] Button hovered
[TUTORIAL] Button hovered
[TUTORIAL] Button hovered
[TUTORIAL] Button hovered
[TUTORIAL] Button hovered
[TUTORIAL] Button hovered
[TUTORIAL] Button hovered
[TUTORIAL] Button hovered
[TUTORIAL] Button hovered
[TUTORIAL] Button hovered
[TUTORIAL] Button hovered
[TUTORIAL] Button hovered
[TUTORIAL] Button hovered
[TUTORIAL] Button hovered
[TUTORIAL] Button hovered
[TUTORIAL] Button hovered
[TUTORIAL] Button hovered
[TUTORIAL] Button hovered
[TUTORIAL] Button hovered
[TUTORIAL] Button hovered
[TUTORIAL] Button hovered
[TUTORIAL] Button hovered
[TUTORIAL] Button hovered
[TUTORIAL] Button hovered
[TUTORIAL] Button hovered
[TUTORIAL] Button hovered
[TUTORIAL] Button hovered
[TUTORIAL] Button hovered
[TUTORIAL] Button hovered
[TUTORIAL] Button hovered
[TUTORIAL] Button hovered
[TUTORIAL] Button hovered
[TUTORIAL] Button hovered
[TUTORIAL] Button hovered
[TUTORIAL] Button hovered
[TUTORIAL] Button hovered
[TUTORIAL] Button hovered
[TUTORIAL] Button hovered
[TUTORIAL] Button hovered
[TUTORIAL] Button hovered
[TUTORIAL] Button hovered
[TUTORIAL] Button hovered
[TUTORIAL] Button hovered
[TUTORIAL] Button hovered
[TUTORIAL] Button hovered
[TUTORIAL] Button hovered
[TUTORIAL] Button hovered
[TUTORIAL] Button hovered
[TUTORIAL] Button hovered
[TUTORIAL] Button hovered
[TUTORIAL] Button hovered
[TUTORIAL] Button hovered
[TUTORIAL] Button hovered
[TUTORIAL] Button hovered
[TUTORIAL] Button hovered
[TUTORIAL] Button hovered
[TUTORIAL] Button hovered
[TUTORIAL] Button hovered
[TUTORIAL] Button hovered
[TUTORIAL] Button hovered
[TUTORIAL] Button hovered
[TUTORIAL] Button hovered
[TUTORIAL] Button hovered
[TUTORIAL] Button hovered
[TUTORIAL] Button hovered
[TUTORIAL] Button hovered
[TUTORIAL] Button hovered
[TUTORIAL] Button hovered
[TUTORIAL] Button hovered
[TUTORIAL] Button hovered
[TUTORIAL] Button hovered
[TUTORIAL] Button hovered
[TUTORIAL] Button hovered
[TUTORIAL] Button hovered
[TUTORIAL] Button hovered
[TUTORIAL] Button hovered
[TUTORIAL] Button hovered
[TUTORIAL] Button hovered
[TUTORIAL] Button hovered
[TUTORIAL] Button hovered
[TUTORIAL] Button hovered
[TUTORIAL] Button hovered
[TUTORIAL] Button hovered
[TUTORIAL] Button hovered
[TUTORIAL] Button hovered
[TUTORIAL] Button hovered
[TUTORIAL] Button hovered
[TUTORIAL] Button hovered
[TUTORIAL] Button hovered
[TUTORIAL] Button hovered
[TUTORIAL] Button hovered
[TUTORIAL] Button hovered
[TUTORIAL] Button hovered
[TUTORIAL] Button hovered
[TUTORIAL] Button hovered
[TUTORIAL] Button hovered
[TUTORIAL] Button hovered
[TUTORIAL] Button hovered
[TUTORIAL] Button hovered
[TUTORIAL] Button hovered
[TUTORIAL] Button hovered
[TUTORIAL] Button hovered
[TUTORIAL] Button hovered
[TUTORIAL] Button hovered
[TUTORIAL] Button hovered
[TUTORIAL] Button hovered
[TUTORIAL] Button hovered
[TUTORIAL] Button hovered
[TUTORIAL] Button hovered
[TUTORIAL] Button hovered
[TUTORIAL] Button hovered
[TUTORIAL] Button hovered
[TUTORIAL] Button hovered
[TUTORIAL] Button hovered
[TUTORIAL] Button hovered
[TUTORIAL] Button hovered
[TUTORIAL] Button hovered
[TUTORIAL] Button hovered
[TUTORIAL] Button hovered
[TUTORIAL] Button hovered
[TUTORIAL] Button hovered
[TUTORIAL] Button hovered
[TUTORIAL] Button hovered
[TUTORIAL] Button hovered
[TUTORIAL] Button hovered
[TUTORIAL] Button hovered
[TUTORIAL] Button hovered
[TUTORIAL] Button hovered
[TUTORIAL] Button hovered
[TUTORIAL] Button hovered
[TUTORIAL] Button hovered
[TUTORIAL] Button hovered
[TUTORIAL] Button hovered
[TUTORIAL] Button hovered
[TUTORIAL] Button hovered
[TUTORIAL] Button hovered
[TUTORIAL] Button hovered
[TUTORIAL] Button hovered
[TUTORIAL] Button hovered
[TUTORIAL] Button hovered
[TUTORIAL] Button hovered
[TUTORIAL] Button hovered
[TUTORIAL] Button hovered
[TUTORIAL] Button hovered
[TUTORIAL] Button hovered
[TUTORIAL] Button hovered
[TUTORIAL] Button hovered
[TUTORIAL] Button hovered
[TUTORIAL] Button hovered
[TUTORIAL] Button hovered
[TUTORIAL] Button hovered
[TUTORIAL] Button hovered
[TUTORIAL] Button hovered
[TUTORIAL] Button hovered
[TUTORIAL] Button hovered
[TUTORIAL] Button hovered
[TUTORIAL] Button hovered
[TUTORIAL] Button hovered
[TUTORIAL] Button hovered
[TUTORIAL] Button hovered
[TUTORIAL] Button hovered
[TUTORIAL] Button hovered
[TUTORIAL] Button hovered
[TUTORIAL] Button hovered
[TUTORIAL] Button hovered
[TUTORIAL] Button hovered
[TUTORIAL] Button hovered
[TUTORIAL] Button hovered
[TUTORIAL] Button hovered
[TUTORIAL] Button hovered
[TUTORIAL] Button hovered
[TUTORIAL] Button hovered
[TUTORIAL] Button hovered
[TUTORIAL] Button hovered
[TUTORIAL] Button hovered
[TUTORIAL] Button hovered
[TUTORIAL] Button hovered
[TUTORIAL] Button hovered
[TUTORIAL] Button hovered
[TUTORIAL] Button hovered
[TUTORIAL] Button hovered
[TUTORIAL] Button hovered
[TUTORIAL] Button hovered
[TUTORIAL] Button hovered
[TUTORIAL] Button hovered
[TUTORIAL] Button hovered
[TUTORIAL] Button hovered
[TUTORIAL] Button hovered
[TUTORIAL] Button hovered
[TUTORIAL] Button hovered
[TUTORIAL] Button hovered
[TUTORIAL] Button hovered
[TUTORIAL] Button hovered
[TUTORIAL] Button hovered
[TUTORIAL] Button hovered
[TUTORIAL] Button hovered
[TUTORIAL] Button hovered
[TUTORIAL] Button hovered
[TUTORIAL] Button hovered
[TUTORIAL] Button hovered
[TUTORIAL] Button hovered
[TUTORIAL] Button hovered
[TUTORIAL] Button hovered
[TUTORIAL] Button hovered
[TUTORIAL] Button hovered
[TUTORIAL] Button hovered
[TUTORIAL] Button hovered
[TUTORIAL] Button hovered
[TUTORIAL] Button hovered
[TUTORIAL] Button hovered
[TUTORIAL] Button hovered
[TUTORIAL] Button hovered
[TUTORIAL] Button hovered
[TUTORIAL] Button hovered
[TUTORIAL] Button hovered
[TUTORIAL] Button hovered
[TUTORIAL] Button hovered
[TUTORIAL] Button hovered
[TUTORIAL] Button hovered
[TUTORIAL] Button hovered
[TUTORIAL] Button hovered
[TUTORIAL] Button hovered
[TUTORIAL] Button hovered
[TUTORIAL] Button hovered
[TUTORIAL] Button hovered
[TUTORIAL] Button hovered
[TUTORIAL] Button hovered
[TUTORIAL] Button hovered
[TUTORIAL] Button hovered
[TUTORIAL] Button hovered
[TUTORIAL] Button hovered
[TUTORIAL] Button hovered
[TUTORIAL] Button hovered
[TUTORIAL] Button hovered
[TUTORIAL] Button hovered
[TUTORIAL] Button hovered
[TUTORIAL] Button hovered
[TUTORIAL] Button hovered
[TUTORIAL] Button hovered
[TUTORIAL] Button hovered
[TUTORIAL] Button hovered
[TUTORIAL] Button hovered
[TUTORIAL] Button hovered
[TUTORIAL] Button hovered
[TUTORIAL] Button hovered
[TUTORIAL] Button hovered
[TUTORIAL] Button hovered
[TUTORIAL] Button hovered
[TUTORIAL] Button hovered
[TUTORIAL] Button hovered
[TUTORIAL] Button hovered
[TUTORIAL] Button hovered
[TUTORIAL] Button hovered
[TUTORIAL] Button hovered
[TUTORIAL] Button hovered
[TUTORIAL] Button hovered
[TUTORIAL] Button hovered
[TUTORIAL] Button hovered
[TUTORIAL] Button hovered
[TUTORIAL] Button hovered
[TUTORIAL] Button hovered
[TUTORIAL] Button hovered
[TUTORIAL] Button hovered
[TUTORIAL] Button hovered
[TUTORIAL] Button hovered
[TUTORIAL] Button hovered
[TUTORIAL] Button hovered
[TUTORIAL] Button hovered
[TUTORIAL] Button hovered
[TUTORIAL] Button hovered
[TUTORIAL] Button hovered
[TUTORIAL] Button hovered
[TUTORIAL] Button hovered
[TUTORIAL] Button hovered
[TUTORIAL] Button hovered
[TUTORIAL] Button hovered
[TUTORIAL] Button hovered
[TUTORIAL] Button hovered
[TUTORIAL] Button hovered
[TUTORIAL] Button hovered
[TUTORIAL] Button hovered
[TUTORIAL] Button hovered
[TUTORIAL] Button hovered
[TUTORIAL] Button hovered
[TUTORIAL] Button hovered
[TUTORIAL] Button hovered
[TUTORIAL] Button hovered
[TUTORIAL] Button hovered
[TUTORIAL] Button hovered
[TUTORIAL] Button hovered
[TUTORIAL] Button hovered
[TUTORIAL] Button hovered
[TUTORIAL] Button hovered
[TUTORIAL] Button hovered
[TUTORIAL] Button hovered
[TUTORIAL] Button hovered
[TUTORIAL] Button hovered
[TUTORIAL] Button hovered
[TUTORIAL] Button hovered
[TUTORIAL] Button hovered
[TUTORIAL] Button hovered
[TUTORIAL] Button hovered
[TUTORIAL] Button hovered
[TUTORIAL] Button hovered
[TUTORIAL] Button hovered
[TUTORIAL] Button hovered
[TUTORIAL] Button hovered
[TUTORIAL] Button hovered
[TUTORIAL] Button hovered
[TUTORIAL] Button hovered
[TUTORIAL] Button hovered
[TUTORIAL] Button hovered
[TUTORIAL] Button hovered
[TUTORIAL] Button hovered
[TUTORIAL] Button hovered
[TUTORIAL] Button hovered
[TUTORIAL] Button hovered
[TUTORIAL] Button hovered
[TUTORIAL] Button hovered
[TUTORIAL] Button hovered
[TUTORIAL] Button hovered
[TUTORIAL] Button hovered
[TUTORIAL] Button hovered
[TUTORIAL] Button hovered
[TUTORIAL] Button hovered
[TUTORIAL] Button hovered
[TUTORIAL] Button hovered
[TUTORIAL] Button hovered
[TUTORIAL] Button hovered
[TUTORIAL] Button hovered
[TUTORIAL] Button hovered
[TUTORIAL] Button hovered
[TUTORIAL] Button hovered
[TUTORIAL] Button hovered
[TUTORIAL] Button hovered
[TUTORIAL] Button hovered
[TUTORIAL] Button hovered
[TUTORIAL] Button hovered
[TUTORIAL] Button hovered
[TUTORIAL] Button hovered
[TUTORIAL] Button hovered
[TUTORIAL] Button hovered
[TUTORIAL] Button hovered
[TUTORIAL] Button hovered
[TUTORIAL] Button hovered
[TUTORIAL] Button hovered
[TUTORIAL] Button hovered
[TUTORIAL] Button hovered
[TUTORIAL] Button hovered
[TUTORIAL] Button hovered
[TUTORIAL] Button hovered
[TUTORIAL] Button hovered
[TUTORIAL] Button hovered
[TUTORIAL] Button hovered
[TUTORIAL] Button hovered
[TUTORIAL] Button hovered
[TUTORIAL] Button hovered
[TUTORIAL] Button hovered
[TUTORIAL] Button hovered
[TUTORIAL] Button hovered
[TUTORIAL] Button hovered
[TUTORIAL] Button hovered
[TUTORIAL] Button hovered
[TUTORIAL] Button hovered
[TUTORIAL] Button hovered
[TUTORIAL] Button hovered
[TUTORIAL] Button hovered
[TUTORIAL] Button hovered
[TUTORIAL] Button hovered
[TUTORIAL] Button hovered
[TUTORIAL] Button hovered
[TUTORIAL] Button hovered
[TUTORIAL] Button hovered
[TUTORIAL] Button hovered
[TUTORIAL] Button hovered
[TUTORIAL] Button hovered
[TUTORIAL] Button hovered
[TUTORIAL] Button hovered
[TUTORIAL] Button hovered
[TUTORIAL] Button hovered
[TUTORIAL] Button hovered
[TUTORIAL] Button hovered
[TUTORIAL] Button hovered
[TUTORIAL] Button hovered
[TUTORIAL] Button hovered
[TUTORIAL] Button hovered
[TUTORIAL] Button hovered
[TUTORIAL] Button hovered
[TUTORIAL] Button hovered
[TUTORIAL] Button hovered
[TUTORIAL] Button hovered
[TUTORIAL] Button hovered
[TUTORIAL] Button hovered
[TUTORIAL] Button hovered
[TUTORIAL] Button hovered
[TUTORIAL] Button hovered
[TUTORIAL] Button hovered
[TUTORIAL] Button hovered
[TUTORIAL] Button hovered
[TUTORIAL] Button hovered
[TUTORIAL] Button hovered
[TUTORIAL] Button hovered
[TUTORIAL] Button hovered
[TUTORIAL] Button hovered
[TUTORIAL] Button hovered
[TUTORIAL] Button hovered
[TUTORIAL] Button hovered
[TUTORIAL] Button hovered
[TUTORIAL] Button hovered
[TUTORIAL] Button hovered
[TUTORIAL] Button hovered
[TUTORIAL] Button hovered
[TUTORIAL] Button hovered
[TUTORIAL] Button hovered
[TUTORIAL] Button hovered
[TUTORIAL] Button hovered
[TUTORIAL] Button hovered
[TUTORIAL] Button hovered
[TUTORIAL] Button hovered
[TUTORIAL] Button hovered
[TUTORIAL] Button hovered
[TUTORIAL] Button hovered
[TUTORIAL] Button hovered
[TUTORIAL] Button hovered
[TUTORIAL] Button hovered
[TUTORIAL] Button hovered
[TUTORIAL] Button hovered
[TUTORIAL] Button hovered
[TUTORIAL] Button hovered
[TUTORIAL] Button hovered
[TUTORIAL] Button hovered
[TUTORIAL] Button hovered
[TUTORIAL] Button hovered
[TUTORIAL] Button hovered
[TUTORIAL] Button hovered
[TUTORIAL] Button hovered
[TUTORIAL] Button hovered
[TUTORIAL] Button hovered
[TUTORIAL] Button hovered
[TUTORIAL] Button hovered
[TUTORIAL] Button hovered
[TUTORIAL] Button hovered
[TUTORIAL] Button hovered
[TUTORIAL] Button hovered
[TUTORIAL] Button hovered
[TUTORIAL] Button hovered
[TUTORIAL] Button hovered
[TUTORIAL] Button hovered
[TUTORIAL] Button hovered
[TUTORIAL] Button hovered
[TUTORIAL] Button hovered
[TUTORIAL] Button hovered
[TUTORIAL] Button hovered
[TUTORIAL] Button hovered
[TUTORIAL] Button hovered
[TUTORIAL] Button hovered
[TUTORIAL] Button hovered
[TUTORIAL] Button hovered
[TUTORIAL] Button hovered
[TUTORIAL] Button hovered
[TUTORIAL] Button hovered
[TUTORIAL] Button hovered
[TUTORIAL] Button hovered
[TUTORIAL] Button hovered
[TUTORIAL] Button hovered
[TUTORIAL] Button hovered
[TUTORIAL] Button hovered
[TUTORIAL] Button hovered
[TUTORIAL] Button hovered
[TUTORIAL] Button hovered
[TUTORIAL] Button hovered
[TUTORIAL] Button hovered
[TUTORIAL] Button hovered
[TUTORIAL] Button hovered
[TUTORIAL] Button hovered
[TUTORIAL] Button hovered
[TUTORIAL] Button hovered
[TUTORIAL] Button hovered
[TUTORIAL] Button hovered
[TUTORIAL] Button hovered
[TUTORIAL] Button hovered
[TUTORIAL] Button hovered
[TUTORIAL] Button hovered
[TUTORIAL] Button hovered
[TUTORIAL] Button hovered
[TUTORIAL] Button hovered
[TUTORIAL] Button hovered
[TUTORIAL] Button hovered
[TUTORIAL] Button hovered
[2m2026-05-07T02:06:43.372967Z[0m [32m INFO[0m [2mvoidrift::systems::narrative::bottle[0m[2m:[0m [Voiddrift] Bottle spawned at Vec2(150.0, 200.0)
[TUTORIAL] Button hovered
[TUTORIAL] Button hovered
[TUTORIAL] Button hovered
[TUTORIAL] Button hovered
[TUTORIAL] Button hovered
[TUTORIAL] Button hovered
[TUTORIAL] Button hovered
[TUTORIAL] Button hovered
[TUTORIAL] Button hovered
[TUTORIAL] Button hovered
[TUTORIAL] Button hovered
[TUTORIAL] Button hovered
[TUTORIAL] Button hovered
[TUTORIAL] Button hovered
[TUTORIAL] Button hovered
[TUTORIAL] Button hovered
[TUTORIAL] Button hovered
[TUTORIAL] Button hovered
[TUTORIAL] Button hovered
[TUTORIAL] Button hovered
[TUTORIAL] Button hovered
[TUTORIAL] Button hovered
[TUTORIAL] Button hovered
[TUTORIAL] Button hovered
[TUTORIAL] Button hovered
[TUTORIAL] Button hovered
[TUTORIAL] Button hovered
[TUTORIAL] Button hovered
[TUTORIAL] Button hovered
[TUTORIAL] Button hovered
[TUTORIAL] Button hovered
[TUTORIAL] Button hovered
[TUTORIAL] Button hovered
[TUTORIAL] Button hovered
[TUTORIAL] Button hovered
[TUTORIAL] Button hovered
[TUTORIAL] Button hovered
[TUTORIAL] Button hovered
[TUTORIAL] Button hovered
[TUTORIAL] Button hovered
[TUTORIAL] Button hovered
[TUTORIAL] Button hovered
[TUTORIAL] Button hovered
[TUTORIAL] Button hovered
[TUTORIAL] Button hovered
[TUTORIAL] Button hovered
[TUTORIAL] Button hovered
[TUTORIAL] Button hovered
[TUTORIAL] Button hovered
[TUTORIAL] Button hovered
[TUTORIAL] Button hovered
[TUTORIAL] Button hovered
[TUTORIAL] Button hovered
[TUTORIAL] Button hovered
[TUTORIAL] Button hovered
[TUTORIAL] Button hovered
[TUTORIAL] Button hovered
[TUTORIAL] Button hovered
[TUTORIAL] Button hovered
[TUTORIAL] Button hovered
[TUTORIAL] Button hovered
[TUTORIAL] Button hovered
[TUTORIAL] Button hovered
[TUTORIAL] Button hovered
[TUTORIAL] Button hovered
[TUTORIAL] Button hovered
[TUTORIAL] Button hovered
[TUTORIAL] Button hovered
[TUTORIAL] Button hovered
[TUTORIAL] Button hovered
[TUTORIAL] Button hovered
[TUTORIAL] Button hovered
[TUTORIAL] Button hovered
[TUTORIAL] Button hovered
[TUTORIAL] Button hovered
[TUTORIAL] Button hovered
[TUTORIAL] Button hovered
[TUTORIAL] Button hovered
[TUTORIAL] Button hovered
[TUTORIAL] Button hovered
[TUTORIAL] Button hovered
[TUTORIAL] Button hovered
[TUTORIAL] Button hovered
[TUTORIAL] Button hovered
[TUTORIAL] Button hovered
[TUTORIAL] Button hovered
[TUTORIAL] Button hovered
[TUTORIAL] Button hovered
[TUTORIAL] Button hovered
[TUTORIAL] Button hovered
[TUTORIAL] Button hovered
[TUTORIAL] Button hovered
[TUTORIAL] Button hovered
[TUTORIAL] Button hovered
[TUTORIAL] Button hovered
[TUTORIAL] Button hovered
[TUTORIAL] Button hovered
[TUTORIAL] Button hovered
[TUTORIAL] Button hovered
[TUTORIAL] Button hovered
[TUTORIAL] Button hovered
[TUTORIAL] Button hovered
[TUTORIAL] Button hovered
[TUTORIAL] Button hovered
[TUTORIAL] Button hovered
[TUTORIAL] Button hovered
[TUTORIAL] Button hovered
[TUTORIAL] Button hovered
[TUTORIAL] Button hovered
[TUTORIAL] Button hovered
[TUTORIAL] Button hovered
[TUTORIAL] Button hovered
[TUTORIAL] Button hovered
[TUTORIAL] Button hovered
[TUTORIAL] Button hovered
[TUTORIAL] Button hovered
[TUTORIAL] Button hovered
[TUTORIAL] Button hovered
[TUTORIAL] Button hovered
[TUTORIAL] Button hovered
[TUTORIAL] Button hovered
[TUTORIAL] Button hovered
[TUTORIAL] Button hovered
[TUTORIAL] Button hovered
[TUTORIAL] Button hovered
[TUTORIAL] Button hovered
[TUTORIAL] Button hovered
[TUTORIAL] Button hovered
[TUTORIAL] Button hovered
[TUTORIAL] Button hovered
[TUTORIAL] Button hovered
[TUTORIAL] Button hovered
[TUTORIAL] Button hovered
[TUTORIAL] Button hovered
[TUTORIAL] Button hovered
[TUTORIAL] Button hovered
[TUTORIAL] Button hovered
[TUTORIAL] Button hovered
[TUTORIAL] Button hovered
[TUTORIAL] Button hovered
[TUTORIAL] Button hovered
[TUTORIAL] Button hovered
[TUTORIAL] Button hovered
[TUTORIAL] Button hovered
[TUTORIAL] Button hovered
[TUTORIAL] Button hovered
[TUTORIAL] Button hovered
[TUTORIAL] Button hovered
[TUTORIAL] Button hovered
[TUTORIAL] Button hovered
[TUTORIAL] Button hovered
[TUTORIAL] Button hovered
[TUTORIAL] Button hovered
[TUTORIAL] Button hovered
[TUTORIAL] Button hovered
[TUTORIAL] Button hovered
[TUTORIAL] Button hovered
[TUTORIAL] Button hovered
[TUTORIAL] Button hovered
[TUTORIAL] Button hovered
[TUTORIAL] Button hovered
[TUTORIAL] Button hovered
[TUTORIAL] Button hovered
[TUTORIAL] Button hovered
[TUTORIAL] Button hovered
[TUTORIAL] Button hovered
[TUTORIAL] Button hovered
[TUTORIAL] Button hovered
[TUTORIAL] Button hovered
[TUTORIAL] Button hovered
[TUTORIAL] Button hovered
[TUTORIAL] Button hovered
[TUTORIAL] Button hovered
[TUTORIAL] Button hovered
[TUTORIAL] Button hovered
[TUTORIAL] Button hovered
[TUTORIAL] Button hovered
[TUTORIAL] Button hovered
[TUTORIAL] Button hovered
[TUTORIAL] Button hovered
[TUTORIAL] Button hovered
[TUTORIAL] Button hovered
[TUTORIAL] Button hovered
[TUTORIAL] Button hovered
[TUTORIAL] Button hovered
[TUTORIAL] Button hovered
[TUTORIAL] Button hovered
[TUTORIAL] Button hovered
[TUTORIAL] Button hovered
[TUTORIAL] Button hovered
[TUTORIAL] Button hovered
[TUTORIAL] Button hovered
[TUTORIAL] Button hovered
[TUTORIAL] Button hovered
[TUTORIAL] Button hovered
[TUTORIAL] Button hovered
[TUTORIAL] Button hovered
[TUTORIAL] Button hovered
[TUTORIAL] Button hovered
[TUTORIAL] Button hovered
[TUTORIAL] Button hovered
[TUTORIAL] Button hovered
[TUTORIAL] Button hovered
[TUTORIAL] Button hovered
[TUTORIAL] Button hovered
[TUTORIAL] Button hovered
[TUTORIAL] Button hovered
[TUTORIAL] Button hovered
[TUTORIAL] Button hovered
[TUTORIAL] Button hovered
[TUTORIAL] Button hovered
[TUTORIAL] Button hovered
[TUTORIAL] Button hovered
[TUTORIAL] Button hovered
[TUTORIAL] Button hovered
[TUTORIAL] Button hovered
[TUTORIAL] Button hovered
[TUTORIAL] Button hovered
[TUTORIAL] Button hovered
[TUTORIAL] Button hovered
[TUTORIAL] Button hovered
[TUTORIAL] Button hovered
[TUTORIAL] Button hovered
[TUTORIAL] Button hovered
[TUTORIAL] Button hovered
[TUTORIAL] Button hovered
[TUTORIAL] Button hovered
[TUTORIAL] Button hovered
[TUTORIAL] Button hovered
[TUTORIAL] Button hovered
[TUTORIAL] Button hovered
[TUTORIAL] Button hovered
[TUTORIAL] Button hovered
[TUTORIAL] Button hovered
[TUTORIAL] Button hovered
[TUTORIAL] Button hovered
[TUTORIAL] Button hovered
[TUTORIAL] Button hovered
[TUTORIAL] Button hovered
[TUTORIAL] Button hovered
[TUTORIAL] Button hovered
[TUTORIAL] Button hovered
[TUTORIAL] Button hovered
[TUTORIAL] Button hovered
[TUTORIAL] Button hovered
[TUTORIAL] Button hovered
[TUTORIAL] Button hovered
[TUTORIAL] Button hovered
[TUTORIAL] Button hovered
[TUTORIAL] Button hovered
[TUTORIAL] Button hovered
[TUTORIAL] Button hovered
[TUTORIAL] Button hovered
[TUTORIAL] Button hovered
[TUTORIAL] Button hovered
[TUTORIAL] Button hovered
[TUTORIAL] Button hovered
[TUTORIAL] Button hovered
[TUTORIAL] Button hovered
[TUTORIAL] Button hovered
[TUTORIAL] Button hovered
[TUTORIAL] Button hovered
[TUTORIAL] Button hovered
[TUTORIAL] Button hovered
[TUTORIAL] Button hovered
[TUTORIAL] Button hovered
[TUTORIAL] Button hovered
[TUTORIAL] Button hovered
[TUTORIAL] Button hovered
[TUTORIAL] Button hovered
[TUTORIAL] Button hovered
[TUTORIAL] Button hovered
[TUTORIAL] Button hovered
[TUTORIAL] Button hovered
[TUTORIAL] Button hovered
[TUTORIAL] Button hovered
[TUTORIAL] Button hovered
[TUTORIAL] Button hovered
[TUTORIAL] Button hovered
[TUTORIAL] Button hovered
[TUTORIAL] Button hovered
[TUTORIAL] Button hovered
[TUTORIAL] Button hovered
[TUTORIAL] Button hovered
[TUTORIAL] Button hovered
[TUTORIAL] Button hovered
[TUTORIAL] Button hovered
[TUTORIAL] Button hovered
[TUTORIAL] Button hovered
[TUTORIAL] Button hovered
[TUTORIAL] Button hovered
[TUTORIAL] Button hovered
[TUTORIAL] Button hovered
[TUTORIAL] Button hovered
[TUTORIAL] Button hovered
[TUTORIAL] Button hovered
[TUTORIAL] Button hovered
[TUTORIAL] Button hovered
[TUTORIAL] Button hovered
[TUTORIAL] Button hovered
[TUTORIAL] Button hovered
[TUTORIAL] Button hovered
[TUTORIAL] Button hovered
[TUTORIAL] Button hovered
[TUTORIAL] Button hovered
[TUTORIAL] Button hovered
[TUTORIAL] Button hovered
[TUTORIAL] Button hovered
[TUTORIAL] Button hovered
[TUTORIAL] Button hovered
[TUTORIAL] Button hovered
[TUTORIAL] Button hovered
[TUTORIAL] Button hovered
[TUTORIAL] Button hovered
[TUTORIAL] Button hovered
[TUTORIAL] Button hovered
[TUTORIAL] Button hovered
[TUTORIAL] Button hovered
[TUTORIAL] Button hovered
[TUTORIAL] Button hovered
[TUTORIAL] Button hovered
[TUTORIAL] Button hovered
[TUTORIAL] Button hovered
[TUTORIAL] Button hovered
[TUTORIAL] Button hovered
[TUTORIAL] Button hovered
[TUTORIAL] Button hovered
[TUTORIAL] Button hovered
[TUTORIAL] Button hovered
[TUTORIAL] Button hovered
[TUTORIAL] Button hovered
[TUTORIAL] Button hovered
[TUTORIAL] Button hovered
[TUTORIAL] Button hovered
[TUTORIAL] Button hovered
[TUTORIAL] Button hovered
[TUTORIAL] Button hovered
[TUTORIAL] Button hovered
[TUTORIAL] Button hovered
[TUTORIAL] Button hovered
[TUTORIAL] Button hovered
[TUTORIAL] Button hovered
[TUTORIAL] Button hovered
[TUTORIAL] Button hovered
[TUTORIAL] Button hovered
[TUTORIAL] Button hovered
[TUTORIAL] Button hovered
[TUTORIAL] Button hovered
[TUTORIAL] Button hovered
[TUTORIAL] Button hovered
[TUTORIAL] Button hovered
[TUTORIAL] Button hovered
[TUTORIAL] Button hovered
[TUTORIAL] Button hovered
[TUTORIAL] Button hovered
[TUTORIAL] Button hovered
[TUTORIAL] Button hovered
[TUTORIAL] Button hovered
[TUTORIAL] Button hovered
[TUTORIAL] Button hovered
[TUTORIAL] Button hovered
[TUTORIAL] Button hovered
[TUTORIAL] Button hovered
[TUTORIAL] Button hovered
[TUTORIAL] Button hovered
[TUTORIAL] Button hovered
[TUTORIAL] Button hovered
[TUTORIAL] Button hovered
[TUTORIAL] Button hovered
[TUTORIAL] Button hovered
[TUTORIAL] Button hovered
[TUTORIAL] Button hovered
[TUTORIAL] Button hovered
[TUTORIAL] Button hovered
[TUTORIAL] Button hovered
[TUTORIAL] Button hovered
[TUTORIAL] Button hovered
[TUTORIAL] Button hovered
[TUTORIAL] Button hovered
[TUTORIAL] Button hovered
[TUTORIAL] Button hovered
[TUTORIAL] Button hovered
[TUTORIAL] Button hovered
[TUTORIAL] Button hovered
[TUTORIAL] Button hovered
[TUTORIAL] Button hovered
[TUTORIAL] Button hovered
[TUTORIAL] Button hovered
[TUTORIAL] Button hovered
[TUTORIAL] Button hovered
[TUTORIAL] Button hovered
[TUTORIAL] Button hovered
[TUTORIAL] Button hovered
[TUTORIAL] Button hovered
[TUTORIAL] Button hovered
[TUTORIAL] Button hovered
[TUTORIAL] Button hovered
[TUTORIAL] Button hovered
[TUTORIAL] Button hovered
[TUTORIAL] Button hovered
[TUTORIAL] Button hovered
[TUTORIAL] Button hovered
[TUTORIAL] Button hovered
[TUTORIAL] Button hovered
[TUTORIAL] Button hovered
[TUTORIAL] Button hovered
[TUTORIAL] Button hovered
[TUTORIAL] Button hovered
[TUTORIAL] Button hovered
[TUTORIAL] Button hovered
[TUTORIAL] Button hovered
[TUTORIAL] Button hovered
[TUTORIAL] Button hovered
[TUTORIAL] Button hovered
[TUTORIAL] Button hovered
[TUTORIAL] Button hovered
[TUTORIAL] Button hovered
[TUTORIAL] Button hovered
[TUTORIAL] Button hovered
[TUTORIAL] Button hovered
[TUTORIAL] Button hovered
[TUTORIAL] Button hovered
[TUTORIAL] Button hovered
[TUTORIAL] Button hovered
[TUTORIAL] Button hovered
[TUTORIAL] Button hovered
[TUTORIAL] Button hovered
[TUTORIAL] Button hovered
[TUTORIAL] Button hovered
[TUTORIAL] Button hovered
[TUTORIAL] Button hovered
[TUTORIAL] Button hovered
[TUTORIAL] Button hovered
[TUTORIAL] Button hovered
[TUTORIAL] Button hovered
[TUTORIAL] Button hovered
[TUTORIAL] Button hovered
[TUTORIAL] Button hovered
[TUTORIAL] Button hovered
[TUTORIAL] Button hovered
[TUTORIAL] Button hovered
[TUTORIAL] Button hovered
[TUTORIAL] Button hovered
[TUTORIAL] Button hovered
[TUTORIAL] Button hovered
[TUTORIAL] Button hovered
[TUTORIAL] Button hovered
[TUTORIAL] Button hovered
[TUTORIAL] Button hovered
[TUTORIAL] Button hovered
[TUTORIAL] Button hovered
[TUTORIAL] Button hovered
[TUTORIAL] Button hovered
[TUTORIAL] Button hovered
[TUTORIAL] Button hovered
[TUTORIAL] Button hovered
[TUTORIAL] Button hovered
[TUTORIAL] Button hovered
[TUTORIAL] Button hovered
[TUTORIAL] Button hovered
[TUTORIAL] Button hovered
[TUTORIAL] Button hovered
[TUTORIAL] Button hovered
[TUTORIAL] Button hovered
[TUTORIAL] Button hovered
[TUTORIAL] Button hovered
[TUTORIAL] Button hovered
[TUTORIAL] Button hovered
[TUTORIAL] Button hovered
[TUTORIAL] Button hovered
[TUTORIAL] Button hovered
[TUTORIAL] Button hovered
[TUTORIAL] Button hovered
[TUTORIAL] Button hovered
[TUTORIAL] Button hovered
[TUTORIAL] Button hovered
[TUTORIAL] Button hovered
[TUTORIAL] Button hovered
[TUTORIAL] Button hovered
[TUTORIAL] Button hovered
[TUTORIAL] Button hovered
[TUTORIAL] Button hovered
[TUTORIAL] Button hovered
[TUTORIAL] Button hovered
[TUTORIAL] Button hovered
[TUTORIAL] Button hovered
[TUTORIAL] Button hovered
[TUTORIAL] Button hovered
[TUTORIAL] Button hovered
[TUTORIAL] Button hovered
[TUTORIAL] Button hovered
[TUTORIAL] Button hovered
[TUTORIAL] Button hovered
[TUTORIAL] Button hovered
[TUTORIAL] Button hovered
[TUTORIAL] Button hovered
[TUTORIAL] Button hovered
[TUTORIAL] Button hovered
[TUTORIAL] Button hovered
[TUTORIAL] Button hovered
[TUTORIAL] Button hovered
[TUTORIAL] Button hovered
[TUTORIAL] Button hovered
[TUTORIAL] Button hovered
[TUTORIAL] Button hovered
[TUTORIAL] Button hovered
[TUTORIAL] Button hovered
[TUTORIAL] Button hovered
[TUTORIAL] Button hovered
[TUTORIAL] Button hovered
[TUTORIAL] Button hovered
[TUTORIAL] Button hovered
[TUTORIAL] Button hovered
[TUTORIAL] Button hovered
[TUTORIAL] Button hovered
[TUTORIAL] Button hovered
[TUTORIAL] Button hovered
[TUTORIAL] Button hovered
[TUTORIAL] Button hovered
[TUTORIAL] Button hovered
[TUTORIAL] Button hovered
[TUTORIAL] Button hovered
[TUTORIAL] Button hovered
[TUTORIAL] Button hovered
[TUTORIAL] Button hovered
[TUTORIAL] Button hovered
[TUTORIAL] Button hovered
[TUTORIAL] Button hovered
[TUTORIAL] Button hovered
[TUTORIAL] Button hovered
[TUTORIAL] Button hovered
[TUTORIAL] Button hovered
[TUTORIAL] Button hovered
[TUTORIAL] Button hovered
[TUTORIAL] Button hovered
[TUTORIAL] Button hovered
[TUTORIAL] Button hovered
[TUTORIAL] Button hovered
[TUTORIAL] Button hovered
[TUTORIAL] Button hovered
[TUTORIAL] Button hovered
[TUTORIAL] Button hovered
[TUTORIAL] Button hovered
[TUTORIAL] Button hovered
[TUTORIAL] Button hovered
[TUTORIAL] Button hovered
[TUTORIAL] Button hovered
[TUTORIAL] Button hovered
[TUTORIAL] Button hovered
[TUTORIAL] Button hovered
[TUTORIAL] Button hovered
[TUTORIAL] Button hovered
[TUTORIAL] Button hovered
[TUTORIAL] Button hovered
[TUTORIAL] Button hovered
[TUTORIAL] Button hovered
[TUTORIAL] Button hovered
[TUTORIAL] Button hovered
[TUTORIAL] Button hovered
[TUTORIAL] Button hovered
[TUTORIAL] Button hovered
[TUTORIAL] Button hovered
[TUTORIAL] Button hovered
[TUTORIAL] Button hovered
[TUTORIAL] Button hovered
[TUTORIAL] Button hovered
[TUTORIAL] Button hovered
[TUTORIAL] Button hovered
[TUTORIAL] Button hovered
[TUTORIAL] Button hovered
[TUTORIAL] Button hovered
[TUTORIAL] Button hovered
[TUTORIAL] Button hovered
[TUTORIAL] Button hovered
[TUTORIAL] Button hovered
[TUTORIAL] Button hovered
[TUTORIAL] Button hovered
[TUTORIAL] Button hovered
[TUTORIAL] Button hovered
[TUTORIAL] Button hovered
[TUTORIAL] Button hovered
[TUTORIAL] Button hovered
[TUTORIAL] Button hovered
[TUTORIAL] Button hovered
[TUTORIAL] Button hovered
[TUTORIAL] Button hovered
[TUTORIAL] Button hovered
[TUTORIAL] Button hovered
[TUTORIAL] Button hovered
[TUTORIAL] Button hovered
[TUTORIAL] Button hovered
[TUTORIAL] Button hovered
[TUTORIAL] Button hovered
[TUTORIAL] Button hovered
[TUTORIAL] Button hovered
[TUTORIAL] Button hovered
[TUTORIAL] Button hovered
[TUTORIAL] Button hovered
[TUTORIAL] Button hovered
[TUTORIAL] Button hovered
[TUTORIAL] Button hovered
[TUTORIAL] Button hovered
[TUTORIAL] Button hovered
[TUTORIAL] Button hovered
[TUTORIAL] Button hovered
[TUTORIAL] Button hovered
[TUTORIAL] Button hovered
[TUTORIAL] Button hovered
[TUTORIAL] Button hovered
[TUTORIAL] Button hovered
[TUTORIAL] Button hovered
[TUTORIAL] Button hovered
[TUTORIAL] Button hovered
[TUTORIAL] Button hovered
[TUTORIAL] Button hovered
[TUTORIAL] Button hovered
[TUTORIAL] Button hovered
[TUTORIAL] Button hovered
[TUTORIAL] Button hovered
[TUTORIAL] Button hovered
[TUTORIAL] Button hovered
[TUTORIAL] Button hovered
[TUTORIAL] Button hovered
[TUTORIAL] Button hovered
[TUTORIAL] Button hovered
[TUTORIAL] Button hovered
[TUTORIAL] Button hovered
[TUTORIAL] Button hovered
[TUTORIAL] Button hovered
[TUTORIAL] Button hovered
[TUTORIAL] Button hovered
[TUTORIAL] Button hovered
[TUTORIAL] Button hovered
[TUTORIAL] Button hovered
[TUTORIAL] Button hovered
[TUTORIAL] Button hovered
[TUTORIAL] Button hovered
[TUTORIAL] Button hovered
[TUTORIAL] Button hovered
[TUTORIAL] Button hovered
[TUTORIAL] Button hovered
[TUTORIAL] Button hovered
[TUTORIAL] Button hovered
[TUTORIAL] Button hovered
[TUTORIAL] Button hovered
[TUTORIAL] Button hovered
[TUTORIAL] Button hovered
[TUTORIAL] Button hovered
[TUTORIAL] Button hovered
[TUTORIAL] Button hovered
[TUTORIAL] Button hovered
[TUTORIAL] Button hovered
[TUTORIAL] Button hovered
[TUTORIAL] Button hovered
[TUTORIAL] Button hovered
[TUTORIAL] Button hovered
[TUTORIAL] Button hovered
[TUTORIAL] Button hovered
[TUTORIAL] Button hovered
[TUTORIAL] Button hovered
[TUTORIAL] Button hovered
[TUTORIAL] Button hovered
[TUTORIAL] Button hovered
[TUTORIAL] Button hovered
[TUTORIAL] Button hovered
[TUTORIAL] Button hovered
[TUTORIAL] Button hovered
[TUTORIAL] Button hovered
[TUTORIAL] Button hovered
[TUTORIAL] Button hovered
[TUTORIAL] Button hovered
[TUTORIAL] Button hovered
[TUTORIAL] Button hovered
[TUTORIAL] Button hovered
[TUTORIAL] Button hovered
[TUTORIAL] Button hovered
[TUTORIAL] Button hovered
[TUTORIAL] Button hovered
[TUTORIAL] Button hovered
[TUTORIAL] Button hovered
[TUTORIAL] Button hovered
[TUTORIAL] Button hovered
[TUTORIAL] Button hovered
[TUTORIAL] Button hovered
[TUTORIAL] Button hovered
[TUTORIAL] Button hovered
[TUTORIAL] Button hovered
[TUTORIAL] Button hovered
[TUTORIAL] Button hovered
[TUTORIAL] Button hovered
[TUTORIAL] Button hovered
[TUTORIAL] Button hovered
[TUTORIAL] Button hovered
[TUTORIAL] Button hovered
[TUTORIAL] Button hovered
[TUTORIAL] Button hovered
[TUTORIAL] Button hovered
[TUTORIAL] Button hovered
[TUTORIAL] Button hovered
[TUTORIAL] Button hovered
[TUTORIAL] Button hovered
[TUTORIAL] Button hovered
[TUTORIAL] Button hovered
[TUTORIAL] Button hovered
[TUTORIAL] Button hovered
[TUTORIAL] Button hovered
[TUTORIAL] Button hovered
[TUTORIAL] Button hovered
[TUTORIAL] Button hovered
[TUTORIAL] Button hovered
[TUTORIAL] Button hovered
[TUTORIAL] Button hovered
[TUTORIAL] Button hovered
[TUTORIAL] Button hovered
[TUTORIAL] Button hovered
[TUTORIAL] Button hovered
[TUTORIAL] Button hovered
[TUTORIAL] Button hovered
[TUTORIAL] Button hovered
[TUTORIAL] Button hovered
[TUTORIAL] Button hovered
[TUTORIAL] Button hovered
[TUTORIAL] Button hovered
[TUTORIAL] Button hovered
[TUTORIAL] Button hovered
[TUTORIAL] Button hovered
[TUTORIAL] Button hovered
[TUTORIAL] Button hovered
[TUTORIAL] Button hovered
[TUTORIAL] Button hovered
[TUTORIAL] Button hovered
[TUTORIAL] Button hovered
[TUTORIAL] Button hovered
[TUTORIAL] Button hovered
[TUTORIAL] Button hovered
[TUTORIAL] Button hovered
[TUTORIAL] Button hovered
[TUTORIAL] Button hovered
[TUTORIAL] Button hovered
[TUTORIAL] Button hovered
[TUTORIAL] Button hovered
[TUTORIAL] Button hovered
[TUTORIAL] Button hovered
[TUTORIAL] Button hovered
[TUTORIAL] Button hovered
[TUTORIAL] Button hovered
[TUTORIAL] Button hovered
[TUTORIAL] Button hovered
[TUTORIAL] Button hovered
[TUTORIAL] Button hovered
[TUTORIAL] Button hovered
[TUTORIAL] Button hovered
[TUTORIAL] Button hovered
[TUTORIAL] Button hovered
[TUTORIAL] Button hovered
[TUTORIAL] Button hovered
[TUTORIAL] Button hovered
[TUTORIAL] Button hovered
[TUTORIAL] Button hovered
[TUTORIAL] Button hovered
[TUTORIAL] Button hovered
[TUTORIAL] Button hovered
[TUTORIAL] Button hovered
[TUTORIAL] Button hovered
[TUTORIAL] Button hovered
[TUTORIAL] Button hovered
[TUTORIAL] Button hovered
[TUTORIAL] Button hovered
[TUTORIAL] Button hovered
[TUTORIAL] Button hovered
[TUTORIAL] Button hovered
[TUTORIAL] Button hovered
[TUTORIAL] Button hovered
[TUTORIAL] Button hovered
[TUTORIAL] Button hovered
[TUTORIAL] Button hovered
[TUTORIAL] Button hovered
[TUTORIAL] Button hovered
[TUTORIAL] Button hovered
[TUTORIAL] Button hovered
[TUTORIAL] Button hovered
[TUTORIAL] Button hovered
[TUTORIAL] Button hovered
[TUTORIAL] Button hovered
[TUTORIAL] Button hovered
[TUTORIAL] Button hovered
[TUTORIAL] Button hovered
[TUTORIAL] Button hovered
[TUTORIAL] Button hovered
[TUTORIAL] Button hovered
[TUTORIAL] Button hovered
[TUTORIAL] Button hovered
[TUTORIAL] Button hovered
[TUTORIAL] Button hovered
[TUTORIAL] Button hovered
[TUTORIAL] Button hovered
[TUTORIAL] Button hovered
[TUTORIAL] Button hovered
[TUTORIAL] Button hovered
[TUTORIAL] Button hovered
[TUTORIAL] Button hovered
[TUTORIAL] Button hovered
[TUTORIAL] Button hovered
[TUTORIAL] Button hovered
[TUTORIAL] Button hovered
[TUTORIAL] Button hovered
[TUTORIAL] Button hovered
[TUTORIAL] Button hovered
[TUTORIAL] Button hovered
[TUTORIAL] Button hovered
[TUTORIAL] Button hovered
[TUTORIAL] Button hovered
[TUTORIAL] Button hovered
[TUTORIAL] Button hovered
[TUTORIAL] Button hovered
[TUTORIAL] Button hovered
[TUTORIAL] Button hovered
[TUTORIAL] Button hovered
[TUTORIAL] Button hovered
[TUTORIAL] Button hovered
[TUTORIAL] Button hovered
[TUTORIAL] Button hovered
[TUTORIAL] Button hovered
[TUTORIAL] Button hovered
[TUTORIAL] Button hovered
[TUTORIAL] Button hovered
[TUTORIAL] Button hovered
[TUTORIAL] Button hovered
[TUTORIAL] Button hovered
[TUTORIAL] Button hovered
[TUTORIAL] Button hovered
[TUTORIAL] Button hovered
[TUTORIAL] Button hovered
[TUTORIAL] Button hovered
[TUTORIAL] Button hovered
